../Task Schedular/Src/stm32f4xx_it.c:49:6:NMI_Handler	4	static
../Task Schedular/Src/stm32f4xx_it.c:64:6:HardFault_Handler	4	static
../Task Schedular/Src/stm32f4xx_it.c:79:6:MemManage_Handler	4	static
../Task Schedular/Src/stm32f4xx_it.c:94:6:BusFault_Handler	4	static
../Task Schedular/Src/stm32f4xx_it.c:109:6:UsageFault_Handler	4	static
../Task Schedular/Src/stm32f4xx_it.c:124:6:SVC_Handler	4	static
../Task Schedular/Src/stm32f4xx_it.c:137:6:DebugMon_Handler	4	static
../Task Schedular/Src/stm32f4xx_it.c:150:6:PendSV_Handler	4	static
../Task Schedular/Src/stm32f4xx_it.c:163:6:SysTick_Handler	8	static
../Task Schedular/Src/stm32f4xx_it.c:179:6:TIM6_DAC_IRQHandler	8	static
