../Task Schedular/Src/stm32f4xx_it.c:30:6:NMI_Handler	4	static
../Task Schedular/Src/stm32f4xx_it.c:45:6:HardFault_Handler	4	static
../Task Schedular/Src/stm32f4xx_it.c:60:6:MemManage_Handler	4	static
../Task Schedular/Src/stm32f4xx_it.c:75:6:BusFault_Handler	4	static
../Task Schedular/Src/stm32f4xx_it.c:90:6:UsageFault_Handler	4	static
../Task Schedular/Src/stm32f4xx_it.c:107:6:DebugMon_Handler	4	static
../Task Schedular/Src/stm32f4xx_it.c:141:6:TIM6_DAC_IRQHandler	8	static
../Task Schedular/Src/stm32f4xx_it.c:148:6:USART1_IRQHandler	8	static
../Task Schedular/Src/stm32f4xx_it.c:155:6:TIM7_IRQHandler	8	static
